// Jest Snapshot v1, https://goo.gl/fbAQLP

exports[`Product List component should render component properly 1`] = `
<div
  className="MuiPaper-root MuiCard-root MuiPaper-elevation1 MuiPaper-rounded"
>
  <div
    className="MuiCardContent-root"
  >
    <div
      className="MuiGrid-root MuiGrid-container MuiGrid-align-items-xs-baseline"
    >
      <div
        className="MuiGrid-root MuiGrid-item MuiGrid-grid-xs-8"
      >
        <h5
          className="MuiTypography-root MuiTypography-h5 MuiTypography-gutterBottom"
        >
          Product Name
        </h5>
      </div>
      <div
        className="MuiGrid-root MuiGrid-item MuiGrid-grid-xs-4"
      >
        <h5
          className="MuiTypography-root MuiTypography-subtitle1 MuiTypography-colorSecondary MuiTypography-alignRight"
        >
          IDRÂ 88,888,888.00
        </h5>
      </div>
    </div>
    <p
      className="MuiTypography-root MuiTypography-body2 MuiTypography-colorTextSecondary MuiTypography-paragraph"
    >
      Product Description
    </p>
    <div
      className="MuiGrid-root MuiGrid-container MuiGrid-align-items-xs-center"
    >
      <div
        className="MuiGrid-root makeStyles-tagContainer-1 MuiGrid-item MuiGrid-grid-xs-8"
      >
        <div
          className="MuiChip-root"
          onKeyDown={[Function]}
          onKeyUp={[Function]}
        >
          <span
            className="MuiChip-label"
          >
            Classic
          </span>
        </div>
        <div
          className="MuiChip-root"
          onKeyDown={[Function]}
          onKeyUp={[Function]}
        >
          <span
            className="MuiChip-label"
          >
            Midcentury
          </span>
        </div>
      </div>
      <div
        className="MuiGrid-root MuiGrid-item MuiGrid-grid-xs-4"
      >
        <p
          className="MuiTypography-root makeStyles-infoText-2 MuiTypography-body2 MuiTypography-colorTextSecondary MuiTypography-alignRight"
        >
          Delivery time:
          <br />
          14
           day(s)
        </p>
      </div>
    </div>
  </div>
</div>
`;
